C51 COMPILER V9.60.0.0   MAIN                                                              07/21/2022 16:19:58 PAGE 1   


C51 COMPILER V9.60.0.0, COMPILATION OF MODULE MAIN
OBJECT MODULE PLACED IN .\Objects\main.obj
COMPILER INVOKED BY: D:\keilc\pack_file\C51\BIN\C51.EXE main.c OPTIMIZE(8,SPEED) BROWSE DEBUG OBJECTEXTEND PRINT(.\Listi
                    -ngs\main.lst) TABS(2) OBJECT(.\Objects\main.obj)

line level    source

   1          #include <STC15F2K60S2.H>
   2          #include <intrins.h>
   3          #include <onewire.h>
   4          
   5          #define uchar unsigned char 
   6          #define uint unsigned int
   7            
   8          uchar code type1[]={  0xC0,
   9                                0xF9,
  10                                0xA4,
  11                                0xB0,
  12                                0x99,
  13                                0x92,
  14                                0x82,
  15                                0xF8,
  16                                0x80,
  17                                0x90,0xff};
  18          uchar code type2[]={0x01,0x02,0x04,0x08,0x10,0x20,0x40,0x80};
  19          uchar num1,num2,num3,num4,num5,num6,num7,num8;
  20          bit f_2ms;
  21          uint t_2ms;
  22          
  23          uint temp;
  24          
  25          
  26          
  27          void smg_display(char n1,char n2,char n3,char n4,char n5,char n6,char n7,char n8)
  28          {
  29   1        char i;
  30   1        P0=0xff;
  31   1        P2=(P2&0x1f)|0xc0;
  32   1        P0=type2[i];
  33   1        P2=(P2&0x1f);
  34   1        switch(i)
  35   1        {
  36   2          case 0:P2=(P2&0x1f)|0xe0; P0=type1[n1];P2=(P2&0x1f);break;
  37   2          case 1:P2=(P2&0x1f)|0xe0; P0=type1[n2];P2=(P2&0x1f);break;  
  38   2          case 2:P2=(P2&0x1f)|0xe0; P0=type1[n3];P2=(P2&0x1f);break;  
  39   2          case 3:P2=(P2&0x1f)|0xe0; P0=type1[n4];P2=(P2&0x1f);break;  
  40   2          case 4:P2=(P2&0x1f)|0xe0; P0=type1[n5];P2=(P2&0x1f);break;      
  41   2          case 5:P2=(P2&0x1f)|0xe0; P0=type1[n6];P2=(P2&0x1f);break;
  42   2          case 6:P2=(P2&0x1f)|0xe0; P0=type1[n7];P2=(P2&0x1f);break;
  43   2          case 7:P2=(P2&0x1f)|0xe0; P0=type1[n8];P2=(P2&0x1f);break;    
  44   2        }
  45   1        if(++i==8)
  46   1          i=0;
  47   1      }
  48          
  49          
  50          
  51          void time1_int1()
  52          {
  53   1        EA=1;
  54   1        ET1=1;
C51 COMPILER V9.60.0.0   MAIN                                                              07/21/2022 16:19:58 PAGE 2   

  55   1        TR1=1;
  56   1        TMOD=(TMOD&0x0f)|0x10;
  57   1        TH1=(65536-2000)/256;
  58   1        TL1=(65536-2000)%256;
  59   1      }
  60          
  61          void initial_all()
  62          {
  63   1        P2=(P2&0x1f)|0xa0;
  64   1        P0=0x00;
  65   1        P2=(P2&0x1f); 
  66   1        P2=(P2&0x1f)|0x80;
  67   1        P0=0xff;
  68   1        P2=(P2&0x1f);   
  69   1        P2=(P2&0x1f)|0xc0;
  70   1        P0=0xff;
  71   1        P2=(P2&0x1f);   
  72   1        P2=(P2&0x1f)|0xe0;
  73   1        P0=0xff;
  74   1        P2=(P2&0x1f);   
  75   1      }
  76          void main()
  77          {
  78   1        initial_all();
  79   1        time1_int1();
  80   1        initial_18b20();
  81   1        temp=rd_temperature( );
  82   1        while(1)
  83   1        {
  84   2         if(f_2ms==1)
  85   2         {
  86   3          f_2ms=0;
  87   3           
  88   3          if(++t_2ms==10)
  89   3            {
  90   4              t_2ms=0;
  91   4              temp=rd_temperature( );
  92   4            }
  93   3           
  94   3          num1=num2=num3=num4=10;
  95   3          num5=temp/1000;
  96   3          num6=temp%1000/100;
  97   3          num7=temp%100/10; 
  98   3          num8=temp%10; 
  99   3           
 100   3           
 101   3           
 102   3           
 103   3        
 104   3         }//f_2ms
 105   2        }
 106   1      }
 107          
 108          void cl_time1_int1() interrupt 3
 109          {
 110   1        TH1=(65536-2000)/256;
 111   1        TL1=(65536-2000)%256; 
 112   1        
 113   1        smg_display(num1,num2,num3,num4,num5,num6,num7,num8);
 114   1        
 115   1        f_2ms=1;
 116   1        
C51 COMPILER V9.60.0.0   MAIN                                                              07/21/2022 16:19:58 PAGE 3   

 117   1      
 118   1        
 119   1        
 120   1        
 121   1        
 122   1        
 123   1      }//aall
 124          
 125          


MODULE INFORMATION:   STATIC OVERLAYABLE
   CODE SIZE        =    500    ----
   CONSTANT SIZE    =     19    ----
   XDATA SIZE       =   ----    ----
   PDATA SIZE       =   ----    ----
   DATA SIZE        =     12       9
   IDATA SIZE       =   ----    ----
   BIT SIZE         =      1    ----
END OF MODULE INFORMATION.


C51 COMPILATION COMPLETE.  0 WARNING(S),  0 ERROR(S)
