C51 COMPILER V9.55   MAIN                                                                  03/29/2022 10:24:16 PAGE 1   


C51 COMPILER V9.55, COMPILATION OF MODULE MAIN
OBJECT MODULE PLACED IN .\Objects\main.obj
COMPILER INVOKED BY: D:\keilc\pack_file\C51\BIN\C51.EXE main.c OPTIMIZE(8,SPEED) BROWSE DEBUG OBJECTEXTEND PRINT(.\Listi
                    -ngs\main.lst) TABS(2) OBJECT(.\Objects\main.obj)

line level    source

   1          #include <STC15F2K60S2.h>
   2          #include <onewire.h>
   3          #include <intrins.h>
   4          
   5          #define uchar unsigned char
   6          #define uint unsigned int
   7            
   8          uchar code type1[]={0xc0,0xf9,0xa4,0xb0,0x99,0x92,0x82,0xf8,0x80,0x90,0xff,0xbf};
   9          uchar code type2[]={0x01,0x02,0x04,0x08,0x10,0x20,0x40,0x80};
  10          uchar type3[]={0,0,0,0 };
  11          uchar num1,num2,num3,num4,num5,num6,num7,num8;
  12          uchar GN;
  13          uchar VA;
  14          uchar t_max=30,t_min=20;
  15          bit model=0;
  16          bit f_led1,f_led2,f_led3;
  17          uchar temperature,t;
  18          uchar f_2ms,t_2ms;
  19          uint tt_2ms;
  20          uchar a=0;
  21          
  22          
  23          
  24          
  25          
  26          
  27          
  28          
  29          
  30          
  31          void Delay10ms()    //@11.0592MHz
  32          {
  33   1        unsigned char i, j;
  34   1      
  35   1        i = 108;
  36   1        j = 145;
  37   1        do
  38   1        {
  39   2          while (--j);
  40   2        } while (--i);
  41   1      }
  42          
  43          void smg_display(uchar n1,uchar n2,uchar n3,uchar n4,uchar n5,uchar n6,uchar n7,uchar n8)
  44          {
  45   1        uchar i;
  46   1        P0=0xff;
  47   1        P2=(P2&0x1f)|0xc0;
  48   1        P0=type2[i];
  49   1        P2=(P2&0x1f);
  50   1        switch(i)
  51   1        {
  52   2          case 0:P2=(P2&0x1f)|0xe0;P0=type1[n1];P2=(P2&0x1f);break;
  53   2          case 1:P2=(P2&0x1f)|0xe0;P0=type1[n2];P2=(P2&0x1f);break;   
  54   2          case 2:P2=(P2&0x1f)|0xe0;P0=type1[n3];P2=(P2&0x1f);break;   
C51 COMPILER V9.55   MAIN                                                                  03/29/2022 10:24:16 PAGE 2   

  55   2          case 3:P2=(P2&0x1f)|0xe0;P0=type1[n4];P2=(P2&0x1f);break;   
  56   2          case 4:P2=(P2&0x1f)|0xe0;P0=type1[n5];P2=(P2&0x1f);break;   
  57   2          case 5:P2=(P2&0x1f)|0xe0;P0=type1[n6];P2=(P2&0x1f);break;   
  58   2          case 6:P2=(P2&0x1f)|0xe0;P0=type1[n7];P2=(P2&0x1f);break;
  59   2          case 7:P2=(P2&0x1f)|0xe0;P0=type1[n8];P2=(P2&0x1f);break;   
  60   2        }
  61   1        i++;
  62   1        if(i==8)
  63   1          i=0;
  64   1      }
  65          uchar key_scan()
  66          {
  67   1        uchar H,L;
  68   1        P3=0x0f;P44=0;P42=0;H=(~P3)&0x0f;
  69   1        if(H==0) return 0;
  70   1        Delay10ms();
  71   1        P3=0x0f;P44=0;P42=0;H=(~P3)&0x0f;
  72   1        if(H==0) return 0;  
  73   1        P3=0xf0;P44=1;P42=1;L=(~P3)&0x20; 
  74   1        if(P44==0) L|=0x80;
  75   1        if(P42==0) L|=0x40;
  76   1        return (H+L);
  77   1        
  78   1      }
  79          void key_change()
  80          {
  81   1        uchar D;
  82   1        D=key_scan();
  83   1        switch(D)
  84   1        {
  85   2          case 0x88:VA=9;break;
  86   2          case 0x84:VA=6;break;   
  87   2          case 0x82:VA=3;break;   
  88   2          case 0x81:VA=0;break;   
  89   2          case 0x48:GN=20;break;  ////////…Ë÷√20
  90   2          case 0x44:VA=7;break;
  91   2          case 0x42:VA=4;break;
  92   2          case 0x41:VA=1;break;
  93   2          case 0x28:GN=21;break;///////«Â¡„21
  94   2          case 0x24:VA=8;break;
  95   2          case 0x22:VA=5;break;
  96   2          case 0x21:VA=2;break;   
  97   2          case 0 :GN=22;VA=22;break;    
  98   2        } 
  99   1      }
 100          
 101          
 102          void time1_int1()
 103          {
 104   1        EA=1;
 105   1        ET1=1;
 106   1        TR1=1;
 107   1        TMOD=(TMOD&0x0f)|0x10;
 108   1        TH1=(65536-2000)/256;
 109   1        TL1=(65536-2000)%256;
 110   1      }
 111          
 112          void main()
 113          {
 114   1        P2=(P2&0x1f)|0x80;
 115   1        P0=0xff;
 116   1        P2=(P2&0x1f); 
C51 COMPILER V9.55   MAIN                                                                  03/29/2022 10:24:16 PAGE 3   

 117   1        P2=(P2&0x1f)|0xa0;
 118   1        P0=0x00;
 119   1        P2=(P2&0x1f);   
 120   1        time1_int1(); 
 121   1        initial_18b20();
 122   1        temperature=rd_temperature( );
 123   1        while(1)
 124   1        {
 125   2          if(f_2ms==1)
 126   2          {
 127   3           f_2ms=0;
 128   3           key_change();
 129   3          if(a==0)
 130   3          {     
 131   4           if(GN==20)
 132   4           {
 133   5            model=~model;
 134   5            while(key_scan());
 135   5           }       
 136   4         }
 137   3           if(model==0)
 138   3           {
 139   4             temperature=rd_temperature( );
 140   4             num1=num3=11;
 141   4             if(temperature < t_min)
 142   4             {
 143   5              num2=0; 
 144   5                EA=0;
 145   5                P0=0x00;
 146   5                P2=(P2&0x1f)|0xa0;
 147   5                P0=0x00;
 148   5                P2=(P2&0x1f);
 149   5                EA=1;        
 150   5      //        if(++tt_2ms>120)
 151   5      //        {
 152   5      //         tt_2ms=0;
 153   5      //         f_led1=~f_led1;  
 154   5      //        }       
 155   5              if(f_led1==0)
 156   5              {
 157   6                EA=0;
 158   6                P0=0xff;
 159   6                P2=(P2&0x1f)|0x80;
 160   6                P0=0xfe;
 161   6                P2=(P2&0x1f);
 162   6                EA=1;
 163   6              }
 164   5              if(f_led1==1)
 165   5              {
 166   6                EA=0;
 167   6                P0=0xff;
 168   6                P2=(P2&0x1f)|0x80;
 169   6                P0=0xff;
 170   6                P2=(P2&0x1f);
 171   6                EA=1;
 172   6               }
 173   5                     
 174   5            }
 175   4               
 176   4             if(((temperature>t_min)||(temperature==t_min)) && (temperature<t_max)||((temperature==t_max)))
 177   4             {
 178   5               num2=1; 
C51 COMPILER V9.55   MAIN                                                                  03/29/2022 10:24:16 PAGE 4   

 179   5                EA=0;
 180   5                P0=0x00;
 181   5                P2=(P2&0x1f)|0xa0;
 182   5                P0=0x00;
 183   5                P2=(P2&0x1f);
 184   5                EA=1;        
 185   5      //        if(++tt_2ms>50)
 186   5      //        {
 187   5      //         tt_2ms=0;
 188   5      //         f_led1=~f_led1;  
 189   5      //        }       
 190   5              if(f_led2==0)
 191   5              {
 192   6                EA=0;
 193   6                P0=0xff;
 194   6                P2=(P2&0x1f)|0x80;
 195   6                P0=0xfe;
 196   6                P2=(P2&0x1f);
 197   6                EA=1;
 198   6              }
 199   5              if(f_led2==1)
 200   5              {
 201   6                EA=0;
 202   6                P0=0xff;
 203   6                P2=(P2&0x1f)|0x80;
 204   6                P0=0xff;
 205   6                P2=(P2&0x1f);
 206   6                EA=1;
 207   6               }          
 208   5             }
 209   4                     
 210   4             if(temperature>t_max)
 211   4             {
 212   5               num2=2;
 213   5                EA=0;
 214   5                P0=0x00;
 215   5                P2=(P2&0x1f)|0xa0;
 216   5                P0=0x10;
 217   5                P2=(P2&0x1f);
 218   5                EA=1;        
 219   5      //        if(++tt_2ms>20)
 220   5      //        {
 221   5      //         tt_2ms=0;
 222   5      //         f_led1=~f_led1;  
 223   5      //        }       
 224   5              if(f_led3==0)
 225   5              {
 226   6                EA=0;
 227   6                P0=0xff;
 228   6                P2=(P2&0x1f)|0x80;
 229   6                P0=0xfe;
 230   6                P2=(P2&0x1f);
 231   6                EA=1;
 232   6              }
 233   5              if(f_led3==1)
 234   5              {
 235   6                EA=0;
 236   6                P0=0xff;
 237   6                P2=(P2&0x1f)|0x80;
 238   6                P0=0xff;
 239   6                P2=(P2&0x1f);
 240   6                EA=1;
C51 COMPILER V9.55   MAIN                                                                  03/29/2022 10:24:16 PAGE 5   

 241   6               }         
 242   5             }
 243   4                     
 244   4             num4=num5=num6=10;
 245   4             num7=temperature/10;num8=temperature%10;
 246   4           }//model=0;
 247   3           
 248   3           if(model==1)
 249   3           {
 250   4             num1=11;num6=11;num4=num5=10;
 251   4             if(VA!=22 )
 252   4             {
 253   5               type3[t]=VA;
 254   5               while(key_scan());
 255   5               t++;
 256   5               if(t==4)
 257   5                 t=0; 
 258   5             }
 259   4             if(GN==21)
 260   4             {
 261   5               type3[0]=0;type3[1]=0;type3[2]=0;type3[3]=0; 
 262   5               t=0;
 263   5               while(key_scan());
 264   5             }
 265   4             num2=type3[0];num3=type3[1];
 266   4             num7=type3[2];num8=type3[3];
 267   4             t_max=type3[0]*10+type3[1];
 268   4             t_min=type3[2]*10+type3[3];
 269   4             
 270   4             if(t_max< t_min)
 271   4             {
 272   5               a=1;
 273   5               EA=0;
 274   5               P0=0xff;
 275   5               P2=(P2&0x1f)|0x80;
 276   5               P0=0xfd;
 277   5               P2=(P2&0x1f);           
 278   5               EA=1; 
 279   5             }
 280   4             if(t_max> t_min)
 281   4             {
 282   5               a=0;
 283   5               EA=0;
 284   5               P0=0xff;
 285   5               P2=(P2&0x1f)|0x80;
 286   5               P0=0xff;
 287   5               P2=(P2&0x1f);           
 288   5               EA=1; 
 289   5             }       
 290   4           }//model=1;     
 291   3            
 292   3          }//f_2ms
 293   2        }
 294   1      }
 295          
 296          void cl_time1_int1() interrupt 3
 297          {
 298   1        TH1=(65536-2000)/256;
 299   1        TL1=(65536-2000)%256; 
 300   1        smg_display(num1,num2,num3,num4,num5,num6,num7,num8);
 301   1        
 302   1      f_2ms=1;  
C51 COMPILER V9.55   MAIN                                                                  03/29/2022 10:24:16 PAGE 6   

 303   1             if(temperature < t_min)
 304   1             {
 305   2              if(++tt_2ms>400)
 306   2              {
 307   3               tt_2ms=0;
 308   3               f_led1=~f_led1;  
 309   3              }                  
 310   2             }
 311   1             if(((temperature>t_min)||(temperature==t_min)) && (temperature<t_max)||((temperature==t_max)))
 312   1             {
 313   2              if(++tt_2ms>200)
 314   2              {
 315   3               tt_2ms=0;
 316   3               f_led2=~f_led2;  
 317   3              }                
 318   2             }
 319   1              if(temperature>t_max)
 320   1              {
 321   2              if(++tt_2ms>100)
 322   2              {
 323   3               tt_2ms=0;
 324   3               f_led3=~f_led3;  
 325   3              }                     
 326   2              }
 327   1            
 328   1      }
 329          
 330          
 331          
 332          
 333          
 334          
 335          
 336          
 337          


MODULE INFORMATION:   STATIC OVERLAYABLE
   CODE SIZE        =   1089    ----
   CONSTANT SIZE    =     20    ----
   XDATA SIZE       =   ----    ----
   PDATA SIZE       =   ----    ----
   DATA SIZE        =     23       9
   IDATA SIZE       =   ----    ----
   BIT SIZE         =      4    ----
END OF MODULE INFORMATION.


C51 COMPILATION COMPLETE.  0 WARNING(S),  0 ERROR(S)
